  ANIMVIEW.C
  BITMAPED.C
  BMPDISP.C
  BUTTON.C
  DRIVSEL.C
  GUIPAL.C
  SPRTPLTE.C
  UTIL.C
  AGE_MAP.C
  ALLEGRO.C
  ANIMATE.C
  CODING.C
  CONFIG.C
C:\Users\robin\Documents\Vector_monitor_project\Github\Turaco-Sprite-Editor\SRC\CODING.C(59,22): warning C4013: 'create_bitmap' undefined; assuming extern returning int
C:\Users\robin\Documents\Vector_monitor_project\Github\Turaco-Sprite-Editor\SRC\CODING.C(62,5): warning C4013: 'printf' undefined; assuming extern returning int
C:\Users\robin\Documents\Vector_monitor_project\Github\Turaco-Sprite-Editor\SRC\CODING.C(90,9): warning C4013: 'destroy_bitmap' undefined; assuming extern returning int
C:\Users\robin\Documents\Vector_monitor_project\Github\Turaco-Sprite-Editor\SRC\CODING.C(94,5): warning C4013: 'clear_to_color' undefined; assuming extern returning int
C:\Users\robin\Documents\Vector_monitor_project\Github\Turaco-Sprite-Editor\SRC\CODING.C(199,13): warning C4013: 'blit' undefined; assuming extern returning int
C:\Users\robin\Documents\Vector_monitor_project\Github\Turaco-Sprite-Editor\SRC\CODING.C(211,13): warning C4013: 'rectfill' undefined; assuming extern returning int
C:\Users\robin\Documents\Vector_monitor_project\Github\Turaco-Sprite-Editor\SRC\CODING.C(59,15): warning C4047: 'initializing': 'MYBITMAP *' differs in levels of indirection from 'int'
C:\Users\robin\Documents\Vector_monitor_project\Github\Turaco-Sprite-Editor\SRC\CODING.C(249,15): warning C4047: 'initializing': 'MYBITMAP *' differs in levels of indirection from 'int'
C:\Users\robin\Documents\Vector_monitor_project\Github\Turaco-Sprite-Editor\SRC\CODING.C(289,15): warning C4047: 'initializing': 'MYBITMAP *' differs in levels of indirection from 'int'
C:\Users\robin\Documents\Vector_monitor_project\Github\Turaco-Sprite-Editor\SRC\CODING.C(328,15): warning C4047: 'initializing': 'MYBITMAP *' differs in levels of indirection from 'int'
C:\Users\robin\Documents\Vector_monitor_project\Github\Turaco-Sprite-Editor\SRC\CODING.C(367,15): warning C4047: 'initializing': 'MYBITMAP *' differs in levels of indirection from 'int'
C:\Users\robin\Documents\Vector_monitor_project\Github\Turaco-Sprite-Editor\SRC\CODING.C(407,15): warning C4047: 'initializing': 'MYBITMAP *' differs in levels of indirection from 'int'
C:\Users\robin\Documents\Vector_monitor_project\Github\Turaco-Sprite-Editor\SRC\CODING.C(490,15): warning C4047: 'initializing': 'MYBITMAP *' differs in levels of indirection from 'int'
C:\Users\robin\Documents\Vector_monitor_project\Github\Turaco-Sprite-Editor\SRC\CODING.C(543,15): warning C4047: 'initializing': 'MYBITMAP *' differs in levels of indirection from 'int'
C:\Users\robin\Documents\Vector_monitor_project\Github\Turaco-Sprite-Editor\SRC\CODING.C(578,15): warning C4047: 'initializing': 'MYBITMAP *' differs in levels of indirection from 'int'
C:\Users\robin\Documents\Vector_monitor_project\Github\Turaco-Sprite-Editor\SRC\CODING.C(613,15): warning C4047: 'initializing': 'MYBITMAP *' differs in levels of indirection from 'int'
C:\Users\robin\Documents\Vector_monitor_project\Github\Turaco-Sprite-Editor\SRC\CODING.C(648,15): warning C4047: 'initializing': 'MYBITMAP *' differs in levels of indirection from 'int'
C:\Users\robin\Documents\Vector_monitor_project\Github\Turaco-Sprite-Editor\SRC\CODING.C(685,15): warning C4047: 'initializing': 'MYBITMAP *' differs in levels of indirection from 'int'
  DLG.C
  EDITMENU.C
  EDITMODE.C
  FILEIO.C
  FONT.C
  GAMEDESC.C
  HELP.C
  Generating Code...
  Compiling...
  ILOAD.C
  INIDRIV.C
C:\Users\robin\Documents\Vector_monitor_project\Github\Turaco-Sprite-Editor\SRC\INIDRIV.C(1096,30): warning C4013: 'CalculateExpectedSpriteSize' undefined; assuming extern returning int
C:\Users\robin\Documents\Vector_monitor_project\Github\Turaco-Sprite-Editor\SRC\INIDRIV.C(1497,5): warning C4013: '_mkdir' undefined; assuming extern returning int
C:\Users\robin\Documents\Vector_monitor_project\Github\Turaco-Sprite-Editor\SRC\INIDRIV.C(1681,5): warning C4013: 'VerifySaveIntegrity' undefined; assuming extern returning int
  LIFE.C
  LIST.C
C:\Users\robin\Documents\Vector_monitor_project\Github\Turaco-Sprite-Editor\SRC\LIST.C(150,2): warning C4013: 'qsort' undefined; assuming extern returning int
  MAPED.C
  PALETTE.C
  SNAP.C
  SPRITE.C
  TEXTED.C
  TOOLMENU.C
  WINTURACO.C
  Generating Code...
ANIMVIEW.obj : warning LNK4075: ignoring '/EDITANDCONTINUE' due to '/INCREMENTAL:NO' specification
  WinTuraco.vcxproj -> C:\Users\robin\Documents\Vector_monitor_project\Github\Turaco-Sprite-Editor\Debug\WinTuraco.exe
