c:\users\robin\documents\vector_monitor_project\github\turaco-sprite-editor\winturaco\debug\vc143.pdb
c:\users\robin\documents\vector_monitor_project\github\turaco-sprite-editor\winturaco\debug\vc143.idb
c:\users\robin\documents\vector_monitor_project\github\turaco-sprite-editor\winturaco\debug\gamedesc.obj
c:\users\robin\documents\vector_monitor_project\github\turaco-sprite-editor\winturaco\debug\font.obj
c:\users\robin\documents\vector_monitor_project\github\turaco-sprite-editor\winturaco\debug\fileio.obj
c:\users\robin\documents\vector_monitor_project\github\turaco-sprite-editor\winturaco\debug\editmode.obj
c:\users\robin\documents\vector_monitor_project\github\turaco-sprite-editor\winturaco\debug\editmenu.obj
c:\users\robin\documents\vector_monitor_project\github\turaco-sprite-editor\winturaco\debug\dlg.obj
c:\users\robin\documents\vector_monitor_project\github\turaco-sprite-editor\winturaco\debug\config.obj
c:\users\robin\documents\vector_monitor_project\github\turaco-sprite-editor\winturaco\debug\coding.obj
c:\users\robin\documents\vector_monitor_project\github\turaco-sprite-editor\winturaco\debug\animate.obj
c:\users\robin\documents\vector_monitor_project\github\turaco-sprite-editor\winturaco\debug\allegro.obj
c:\users\robin\documents\vector_monitor_project\github\turaco-sprite-editor\winturaco\debug\age_map.obj
c:\users\robin\documents\vector_monitor_project\github\turaco-sprite-editor\winturaco\debug\pacman.obj
c:\users\robin\documents\vector_monitor_project\github\turaco-sprite-editor\winturaco\debug\util.obj
c:\users\robin\documents\vector_monitor_project\github\turaco-sprite-editor\winturaco\debug\sprtplte.obj
c:\users\robin\documents\vector_monitor_project\github\turaco-sprite-editor\winturaco\debug\guipal.obj
c:\users\robin\documents\vector_monitor_project\github\turaco-sprite-editor\winturaco\debug\drivsel.obj
c:\users\robin\documents\vector_monitor_project\github\turaco-sprite-editor\winturaco\debug\button.obj
c:\users\robin\documents\vector_monitor_project\github\turaco-sprite-editor\winturaco\debug\bmpdisp.obj
c:\users\robin\documents\vector_monitor_project\github\turaco-sprite-editor\winturaco\debug\bitmaped.obj
c:\users\robin\documents\vector_monitor_project\github\turaco-sprite-editor\winturaco\debug\animview.obj
c:\users\robin\documents\vector_monitor_project\github\turaco-sprite-editor\winturaco\debug\toolmenu.obj
c:\users\robin\documents\vector_monitor_project\github\turaco-sprite-editor\winturaco\debug\texted.obj
c:\users\robin\documents\vector_monitor_project\github\turaco-sprite-editor\winturaco\debug\sprite.obj
c:\users\robin\documents\vector_monitor_project\github\turaco-sprite-editor\winturaco\debug\snap.obj
c:\users\robin\documents\vector_monitor_project\github\turaco-sprite-editor\winturaco\debug\palette.obj
c:\users\robin\documents\vector_monitor_project\github\turaco-sprite-editor\winturaco\debug\maped.obj
c:\users\robin\documents\vector_monitor_project\github\turaco-sprite-editor\winturaco\debug\winturaco.obj
c:\users\robin\documents\vector_monitor_project\github\turaco-sprite-editor\winturaco\debug\list.obj
c:\users\robin\documents\vector_monitor_project\github\turaco-sprite-editor\winturaco\debug\life.obj
c:\users\robin\documents\vector_monitor_project\github\turaco-sprite-editor\winturaco\debug\inidriv.obj
c:\users\robin\documents\vector_monitor_project\github\turaco-sprite-editor\winturaco\debug\iload.obj
c:\users\robin\documents\vector_monitor_project\github\turaco-sprite-editor\winturaco\debug\help.obj
c:\users\robin\documents\vector_monitor_project\github\turaco-sprite-editor\debug\winturaco.exe
c:\users\robin\documents\vector_monitor_project\github\turaco-sprite-editor\debug\winturaco.pdb
c:\users\robin\documents\vector_monitor_project\github\turaco-sprite-editor\winturaco\debug\winturaco.tlog\cl.command.1.tlog
c:\users\robin\documents\vector_monitor_project\github\turaco-sprite-editor\winturaco\debug\winturaco.tlog\cl.items.tlog
c:\users\robin\documents\vector_monitor_project\github\turaco-sprite-editor\winturaco\debug\winturaco.tlog\cl.read.1.tlog
c:\users\robin\documents\vector_monitor_project\github\turaco-sprite-editor\winturaco\debug\winturaco.tlog\cl.write.1.tlog
c:\users\robin\documents\vector_monitor_project\github\turaco-sprite-editor\winturaco\debug\winturaco.tlog\link.command.1.tlog
c:\users\robin\documents\vector_monitor_project\github\turaco-sprite-editor\winturaco\debug\winturaco.tlog\link.read.1.tlog
c:\users\robin\documents\vector_monitor_project\github\turaco-sprite-editor\winturaco\debug\winturaco.tlog\link.secondary.1.tlog
c:\users\robin\documents\vector_monitor_project\github\turaco-sprite-editor\winturaco\debug\winturaco.tlog\link.write.1.tlog
